------------------------------------------------------------
TimeQuest Timing Analyzer Summary
------------------------------------------------------------

Type  : Slow 1200mV 85C Model Setup 'sweetPLL_inst|altpll_component|auto_generated|pll1|clk[1]'
Slack : 31.739
TNS   : 0.000

Type  : Slow 1200mV 85C Model Hold 'sweetPLL_inst|altpll_component|auto_generated|pll1|clk[1]'
Slack : 0.408
TNS   : 0.000

Type  : Slow 1200mV 85C Model Minimum Pulse Width 'CLOCK_50'
Slack : 9.489
TNS   : 0.000

Type  : Slow 1200mV 85C Model Minimum Pulse Width 'sweetPLL_inst|altpll_component|auto_generated|pll1|clk[1]'
Slack : 19.747
TNS   : 0.000

Type  : Slow 1200mV 0C Model Setup 'sweetPLL_inst|altpll_component|auto_generated|pll1|clk[1]'
Slack : 32.610
TNS   : 0.000

Type  : Slow 1200mV 0C Model Hold 'sweetPLL_inst|altpll_component|auto_generated|pll1|clk[1]'
Slack : 0.396
TNS   : 0.000

Type  : Slow 1200mV 0C Model Minimum Pulse Width 'CLOCK_50'
Slack : 9.487
TNS   : 0.000

Type  : Slow 1200mV 0C Model Minimum Pulse Width 'sweetPLL_inst|altpll_component|auto_generated|pll1|clk[1]'
Slack : 19.744
TNS   : 0.000

Type  : Fast 1200mV 0C Model Setup 'sweetPLL_inst|altpll_component|auto_generated|pll1|clk[1]'
Slack : 35.293
TNS   : 0.000

Type  : Fast 1200mV 0C Model Hold 'sweetPLL_inst|altpll_component|auto_generated|pll1|clk[1]'
Slack : 0.215
TNS   : 0.000

Type  : Fast 1200mV 0C Model Minimum Pulse Width 'CLOCK_50'
Slack : 9.208
TNS   : 0.000

Type  : Fast 1200mV 0C Model Minimum Pulse Width 'sweetPLL_inst|altpll_component|auto_generated|pll1|clk[1]'
Slack : 19.754
TNS   : 0.000

------------------------------------------------------------
