------------------------------------------------------------
TimeQuest Timing Analyzer Summary
------------------------------------------------------------

Type  : Slow 1200mV 85C Model Setup 'sweetPLL_inst|altpll_component|auto_generated|pll1|clk[1]'
Slack : 31.668
TNS   : 0.000

Type  : Slow 1200mV 85C Model Hold 'sweetPLL_inst|altpll_component|auto_generated|pll1|clk[1]'
Slack : 0.570
TNS   : 0.000

Type  : Slow 1200mV 85C Model Minimum Pulse Width 'sweetPLL_inst|altpll_component|auto_generated|pll1|clk[2]'
Slack : 9.744
TNS   : 0.000

Type  : Slow 1200mV 85C Model Minimum Pulse Width 'CLOCK_50'
Slack : 9.747
TNS   : 0.000

Type  : Slow 1200mV 85C Model Minimum Pulse Width 'sweetPLL_inst|altpll_component|auto_generated|pll1|clk[1]'
Slack : 19.747
TNS   : 0.000

Type  : Slow 1200mV 0C Model Setup 'sweetPLL_inst|altpll_component|auto_generated|pll1|clk[1]'
Slack : 32.540
TNS   : 0.000

Type  : Slow 1200mV 0C Model Hold 'sweetPLL_inst|altpll_component|auto_generated|pll1|clk[1]'
Slack : 0.512
TNS   : 0.000

Type  : Slow 1200mV 0C Model Minimum Pulse Width 'CLOCK_50'
Slack : 9.709
TNS   : 0.000

Type  : Slow 1200mV 0C Model Minimum Pulse Width 'sweetPLL_inst|altpll_component|auto_generated|pll1|clk[2]'
Slack : 9.745
TNS   : 0.000

Type  : Slow 1200mV 0C Model Minimum Pulse Width 'sweetPLL_inst|altpll_component|auto_generated|pll1|clk[1]'
Slack : 19.743
TNS   : 0.000

Type  : Fast 1200mV 0C Model Setup 'sweetPLL_inst|altpll_component|auto_generated|pll1|clk[1]'
Slack : 35.207
TNS   : 0.000

Type  : Fast 1200mV 0C Model Hold 'sweetPLL_inst|altpll_component|auto_generated|pll1|clk[1]'
Slack : 0.303
TNS   : 0.000

Type  : Fast 1200mV 0C Model Minimum Pulse Width 'CLOCK_50'
Slack : 9.416
TNS   : 0.000

Type  : Fast 1200mV 0C Model Minimum Pulse Width 'sweetPLL_inst|altpll_component|auto_generated|pll1|clk[2]'
Slack : 9.751
TNS   : 0.000

Type  : Fast 1200mV 0C Model Minimum Pulse Width 'sweetPLL_inst|altpll_component|auto_generated|pll1|clk[1]'
Slack : 19.754
TNS   : 0.000

------------------------------------------------------------
